abschlössen;ab·schlös·sen
Abzugskanal;Ab·zugs·ka·nal
abzumessen;ab·zu·mes·sen
accomodiren;ac·co·mo·diren
Ächtheit;Ächt·heit
achtungswerth;ach·tungs·werth
achtungswerther;ach·tungs·wer·t·her
adoptirt;ad·op·tirt
Agathokles;Aga·tho·kles
Agrippa;Agrip·pa
Aktäon;Ak·tä·on
Alexei;Ale·xei
Alkamenes;Al·ka·me·nes
Alleinberechtigung;Al·lein·be·rech·ti·gung
Alleinherrschern;Al·lein·herr·schern
allerbedeutsamsten;al·ler·be·deut·sam·sten
Allerchristlichsten;Al·ler·christ·lich·sten
allerumsichtigsten;al·ler·um·sich·tig·sten
Allmächtigste;All·mäch·tig·ste
allmählig;all·mäh·lig
Alzire;Al·zi·re
Amtsobjekte;Amts·ob·jek·te
Anakreon;Ana·kre·on
anfressen;an·fres·sen
anhangen;an·han·gen
Anphipolis;An·phi·po·lis
Antimachiavel;An·ti·ma·chia·vel
Antimachiavelli;An·ti·ma·chia·vel·li
Antonino;An·to·ni·no
Antoninus;An·to·ni·nus
anzuthun;an·zuthun
apanagirten;apa·na·gir·ten
appelliren;ap·pel·li·ren
Arbela;Ar·be·la
arbiträren;ar·bi·trä·ren
ären;ären
Argens;Ar·gens
Ariadnefaden;Ari·ad·nefa·den
Arragonien;Ar·ra·go·ni·en
Assiento;As·si·en·to
Astrolabien;Astrola·bi·en
athmen;ath·men
aude;au·de
audeat;au·de·at
aufgeklärteren;auf·ge·klär·te·ren
Aufklärungsepoche;Auf·klä·rungs·epo·che
Aufrechthaltung;Auf·recht·hal·tung
Aufsatze;Auf·sat·ze
Augenscheinlichkeit;Au·gen·schein·lich·keit
augenscheinlichste;au·gen·schein·lich·ste
Aurelius;Au·re·li·us
ausbedungene;aus·be·dun·ge·ne
ausgesonnenen;aus·ge·son·ne·nen
ausgespieene;aus·ge·spiee·ne
Auskunftsmittel;Aus·kunfts·mit·tel
Auspicien;Aus·pi·ci·en
austheilen;aust·hei·len
auteur;au·teur
avant;avant
avisé;avi·sé
Baiern;Bai·ern
Baierns;Bai·erns
Bajonnette;Ba·jon·net·te
balsamische;bal·sa·mi·sche
Barbareien;Bar·ba·rei·en
Barka;Bar·ka
Basiliewitsch;Ba·si·lie·witsch
beachtenswerthen;be·ach·tens·wer·t·hen
Beamtenthum;Be·am·ten·thum
Befugniß;Be·fug·niß
Beifallsbezeugungen;Bei·falls·be·zeu·gun·gen
Beihülfe;Bei·hül·fe
beikommt;bei·kommt
Beireuth;Bei·reuth
Bekenntniß;Be·kennt·niß
beklagenswerther;be·kla·gens·wer·t·her
Beleidiger;Be·lei·di·ger
bemerkenswerther;be·mer·kens·wer·t·her
Bemerkenswerthes;Be·mer·kens·wer·thes
bemerklich;be·merk·lich
bemitleidenswerthen;be·mit·lei·dens·wer·t·hen
Bender;Ben·der
Berathungen;Be·rathun·gen
Beredtsamkeit;Be·redt·sam·keit
bereitwilligst;be·reit·wil·ligst
Berufsarten;Be·rufs·ar·ten
besäet;be·sä·et
Bestecher;Be·ste·cher
betheiligen;bet·hei·li·gen
betheiligten;bet·hei·lig·ten
Betheiligung;Bet·hei·li·gung
Beurtheiler;Be·urt·hei·ler
Beurtheilungen;Be·urt·hei·lun·gen
Beweisführen;Be·weis·füh·ren
Beweisgründe;Be·weis·grün·de
bewirthschaften;be·wirth·schaf·ten
bewundenswerth;be·wun·dens·werth
Bewundernswerthe;Be·wun·derns·wer·the
bezeichnendsten;be·zeich·nend·sten
Bienheim;Bi·en·heim
Bildniß;Bild·niß
Bilfinger;Bil·fin·ger
Bilinger;Bi·lin·ger
Bischen;Bi·schen
blendendsten;blen·dend·sten
Blüthe;Blü·the
Boileau;Boi·leau
bombenförmigen;bom·ben·för·mi·gen
bombes;bom·bes
Borgia;Bor·gia
boruss;bo·russ
Bossuet;Bossu·et
brabantischen;bra·ban·ti·schen
Brancas;Bran·cas
Brandenbourg;Bran·den·bourg
Bret;Bret
Brun;Brun
Bucklichen;Buck·li·chen
Bundesgenossenschaft;Bun·des·ge·nos·sen·schaft
Bundesgenossenschaften;Bun·des·ge·nos·sen·schaf·ten
Büreaukratie;Bü·re·au·kra·tie
Bürgerblut;Bür·ger·blut
Bürgerthum;Bür·ger·thum
Buridan;Bu·ridan
Bussole;Bus·so·le
Cabinetsordre;Ca·bi·netsord·re
Cadetten;Ca·det·ten
Callot;Cal·lot
Cambrai;Cam·brai
campirten;cam·pir·ten
Caracalla;Ca·ra·cal·la
Cardinal;Car·di·nal
Cardinäle;Car·di·nä·le
Cardinals;Car·di·nals
Cardinaltugend;Car·di·nal·tu·gend
Carlyle;Car·lyle
Carmagnola;Car·ma·gno·la
Cartesius;Car·te·si·us
Carthager;Cartha·ger
Carthago;Cartha·go
Cartouche;Car·tou·che
Carybdis;Ca·ryb·dis
cascadenartige;cas·ca·den·ar·ti·ge
Catilina;Ca·ti·li·na
Catinat;Ca·ti·nat
Cato;Ca·to
Centaur;Cen·taur
Centauren;Cen·tau·ren
charakterisirt;cha·rak·te·ri·sirt
Chauvelin;Chau·ve·lin
Christenthum;Chri·sten·thum
Circulation;Cir·cu·la·ti·on
circuliren;cir·cu·li·ren
Citadellen;Ci·ta·del·len
Citat;Ci·tat
citiren;ci·ti·ren
citirt;ci·tirt
citirte;ci·tir·te
citirter;ci·tir·ter
civilisiren;ci·vi·li·si·ren
civilisirter;ci·vi·li·sir·ter
civilisirtesten;ci·vi·li·sir·te·sten
clarus;clarus
Clausel;Clau·sel
Cleve;Cle·ve
Colignac;Co·lignac
collegialischen;col·le·gia·li·schen
Colonien;Co·lo·ni·en
Colorit;Co·lo·rit
combiniren;com·bi·ni·ren
combinirt;com·bi·nirt
Commission;Com·mis·si·on
Commodus;Com·mo·dus
Comp;Comp
Compaß;Com·paß
competenter;com·pe·ten·ter
complicirten;com·pli·cir·ten
complicirter;com·pli·cir·ter
Confiscation;Con·fis·ca·ti·on
Confiscationen;Con·fis·ca·tio·nen
confiscirten;con·fi·scir·ten
conform;con·form
consequent;con·se·quent
consequenter;con·se·quen·ter
Consequenzen;Con·se·quen·zen
Considérations;Con·sidé·ra·ti·ons
Constitution;Con·sti·tu·ti·on
constitutionellen;con·sti·tu·tio·nel·len
Constitutionen;Con·sti·tu·tio·nen
Construction;Con·struc·tion
Consul;Con·sul
Continent;Con·ti·nent
Continents;Con·ti·nents
contrahirenden;con·trahi·ren·den
Contrast;Con·trast
Conturen;Con·tu·ren
Copien;Co·pi·en
corne;cor·ne
Corneille;Cor·neil·le
correcte;cor·rec·te
Correspondenten;Cor·re·spon·den·ten
Corruption;Cor·rup·ti·on
Corsen;Cor·sen
Cotin;Co·tin
Coypel;Coy·pel
Crassus;Cra·ssus
Creaturen;Crea·tu·ren
Credit;Credit
Criminalprocesse;Cri·mi·nalpro·ces·se
Crocodilen;Cro·co·di·len
Cromwell;Crom·well
culturfähigen;cul·tur·fä·hi·gen
Curtius;Cur·ti·us
Cüstrin;Cüstrin
Czar;Czar
Czaren;Cza·ren
Danaë;Da·naë
Danaiden;Da·nai·den
Dauphiné;Dau·phiné
dazumalen;da·zu·ma·len
Decennien;De·cen·ni·en
Defensivkrieg;De·fen·siv·krieg
Deist;De·ist
Demosthenes;De·mosthe·nes
Demuth;De·muth
demüthig;de·müt·hig
Dependenzen;De·pen·den·zen
Depreaux;De·preaux
desavouiren;des·avoui·ren
Despotien;Des·po·ti·en
Detachement;Det·a·che·ment
dictirte;dic·tir·te
Diderot;Di·de·rot
[die];[die]
Diebsgewandtheit;Diebs·ge·wandt·heit
Dienstadel;Dien·sta·del
diplomatique;di·plo·ma·tique
direct;di·rect
Disciplin;Di·sci·plin
disciplinirt;di·sci·pli·nirt
disputiren;dis·pu·ti·ren
Divo;Di·vo
domestique;do·me·stique
Domitian;Do·mi·ti·an
Dorco;Dor·co
Drahtpuppe;Draht·pup·pe
Dühring;Düh·ring
durchlauchsten;durch·lauch·sten
ebensowohl;eben·so·wohl
eBook;eBook
Edelmuth;Edel·muth
edirten;edir·ten
Ehrenbezeugungen;Eh·ren·be·zeu·gun·gen
Ehrenpflicht;Eh·ren·pflicht
ehrenwerthen;eh·ren·wer·t·hen
ehrenwerther;eh·ren·wer·t·her
Ehrgeize;Ehr·gei·ze
Ehrsucht;Ehr·sucht
Eigenthümern;Ei·gen·t·hü·mern
eigenthümlichen;ei·gen·t·hüm·li·chen
Eigenthümlichkeit;Ei·gen·t·hüm·lich·keit
eigentlichste;ei·gent·lich·ste
eingiebt;ein·giebt
Einverständniß;Ein·ver·ständ·niß
Elasticität;Ela·sti·ci·tät
elendeste;elen·de·ste
ellenhohen;el·len·ho·hen
emporbringen;em·por·brin·gen
emporschwingen;em·por·schwin·gen
emporzuheben;em·por·zu·he·ben
emporzuschwingen;em·por·zu·schwin·gen
Encyclopädisten;En·cy·clo·pä·di·sten
entehrendste;ent·eh·rend·ste
entschlug;ent·schlug
Entwürdigungen;Ent·wür·di·gun·gen
Epigramms;Epi·gramms
Epiros;Epi·ros
Erbfolgekriege;Erb·fol·ge·krie·ge
Erbfolgekrieges;Erb·fol·ge·krie·ges
Erbstaaten;Erb·staa·ten
Erbtheil;Erbt·heil
Erdenruhm;Er·den·ruhm
Ereigniß;Er·eig·niß
Ergebniß;Er·geb·niß
ergriffe;er·grif·fe
Erkenntniß;Er·kennt·niß
Erkenntnißlust;Er·kennt·niß·lust
Erklärer;Er·klä·rer
ermeucheln;er·meu·cheln
ermuthigen;er·mut·hi·gen
ermuthigt;er·mut·higt
Eroberungs;Er·obe·rungs
Eroberungsart;Er·obe·rungs·art
erröthen;er·rö·then
erröthet;er·rö·thet
Erstrebenswertheste;Er·stre·bens·wer·the·ste
ertödten;er·töd·ten
Erzeugniß;Er·zeug·niß
Erzschelm;Erz·schelm
état;état
etonne;eton·ne
Eugène;Eu·gè·ne
Eumenes;Eu·me·nes
eurerseits;eu·rer·seits
Europe;Eu·ro·pe
exerziren;ex·er·zi·ren
existiren;exi·stiren
existirt;exi·stirt
existirte;exi·stir·te
existirten;exi·stir·ten
exploitiren;ex·ploi·ti·ren
Fabert;Fa·bert
face;face
faces;faces
Faullenzern;Faul·len·zern
Fenelon;Fe·ne·lon
Fénélons;Fé·né·lons
ferio;fe·rio
Fermo;Fer·mo
Ferraja;Fer·ra·ja
Festungskanonen;Fe·stungs·ka·no·nen
Feuerbrände;Feu·er·brän·de
Finanzverwalters;Fi·nanz·ver·wal·ters
flankirt;flan·kirt
Flechier;Flechier
Florentiners;Flo·ren·ti·ners
Fluth;Fluth
fluthet;flu·thet
Formelkram;For·mel·kram
fortzuleben;fort·zu·le·ben
Frederici;Fre·de·ri·ci
fredericianischen;fre·de·ri·cia·ni·schen
Freierschaar;Frei·er·schaar
Freimuth;Frei·muth
Freimüthigkeit;Frei·müt·hig·keit
freventlichsten;frevent·lich·sten
Freytag;Frey·tag
Friedländer;Fried·län·der
Friedländerschen;Fried·län·der·schen
Fritsch;Fritsch
Fürstenspiegel;Für·sten·spie·gel
Fürstenthümer;Für·stent·hü·mer
Fürstenwürde;Für·sten·wür·de
Fußtapfen;Fußtap·fen
Gährung;Gäh·rung
Gährungsstoff;Gäh·rungs·stoff
Galimathias;Gali·ma·thi·as
Galimatias;Gali·ma·ti·as
Gandalin;Gan·da·lin
garantiren;ga·ran·ti·ren
garantirt;ga·ran·tirt
Gaunerstreichen;Gau·ner·strei·chen
Gedankensprung;Ge·dan·ken·sprung
gefügtes;ge·füg·tes
Geheimmittel;Ge·heim·mit·tel
Geheimrath;Ge·heim·rath
Geistesanlage;Gei·stes·an·la·ge
Geistesschärfe;Gei·stes·schär·fe
Gelegenheitspoesie;Ge·le·gen·heits·poe·sie
gemiethete;ge·mie·the·te
gemißbraucht;ge·miß·braucht
gemißhandelt;ge·miß·han·delt
Genuße;Ge·nuße
geringschätzt;ge·ring·schätzt
Gesammtausgabe;Ge·samm·t·aus·ga·be
Gesammtuntersuchung;Ge·sammt·un·ter·su·chung
Geschäftsträgern;Ge·schäfts·trä·gern
Geschäftsübung;Ge·schäfts·übung
gespieen;ge·spie·en
gestis;ge·stis
Geta;Ge·ta
Gewaltthat;Ge·waltthat
Gewaltthaten;Ge·walttha·ten
Gewaltthätigkeit;Ge·waltt·hä·tig·keit
Gewaltthätigste;Ge·waltt·hä·tig·ste
Gewerbfleiß;Ge·werb·fleiß
gewerbfleißige;ge·werb·flei·ßi·ge
Gewissensangelegenheit;Ge·wis·sens·an·ge·le·gen·heit
Gewohnheitsgeschöpfe;Ge·wohn·heits·ge·schöp·fe
giebt;giebt
Gleichniß;Gleich·niß
Glücksumstände;Glücks·um·stän·de
Gnadenakte;Gna·den·ak·te
Gordianus;Gor·di·a·nus
Gothen;Go·then
gothischen;got·hi·schen
Gotte;Got·te
gottloseste;gott·lo·se·ste
Grammatiker;Gram·ma·ti·ker
Grange;Gran·ge
Grenzfestungen;Grenz·fe·stun·gen
Grenznachbarn;Grenz·nach·barn
Greve;Gre·ve
großdenkende;groß·den·ken·de
Großgewordenen;Groß·ge·wor·de·nen
Großherr;Groß·herr
Großmuth;Groß·muth
größtentheils;größ·tent·heils
Grundanlage;Grund·an·la·ge
Grüzmacher;Grüz·ma·cher
Guise;Guise
Günstlingin;Günst·lin·gin
Gutherzigkeit;Gut·her·zig·keit
gutmüthiger;gut·müt·hi·ger
Hadrian;Ha·dri·an
Hakenbüchsen;Ha·ken·büch·sen
Haller;Hal·ler
Hallunke;Hal·lun·ke
Hallunken;Hal·lun·ken
Handschuhmacherin;Hand·schuh·ma·che·rin
Hardenberg;Har·den·berg
harmonirt;har·mo·nirt
Haro;Ha·ro
Hauptheld;Haupt·held
Hauptschachzüge;Haupt·schach·zü·ge
Hauptstärke;Haupt·stär·ke
Häutchen;Häut·chen
Heerde;Heer·de
Heerwesens;Heer·we·sens
Heidenthum;Hei·den·thum
Heiligthum;Hei·lig·t·hum
Heimann;Hei·mann
heirathete;hei·ra·the·te
heldenmüthige;hel·den·müt·hi·ge
Heliogabalus;He·lioga·ba·lus
herabzusteigen;her·ab·zu·stei·gen
herausschwitzen;her·aus·schwit·zen
herbeizurufen;her·bei·zu·ru·fen
hergeholte;her·ge·hol·te
Herrschergeschlecht;Herr·scher·ge·schlecht
Herrscherhause;Herr·scher·hau·se
Herrschertalent;Herr·scher·ta·lent
Herzogthum;Her·zog·t·hum
Herzogthums;Her·zog·t·h·ums
herzustottern;her·zu·stot·tern
Hettner;Hett·ner
Heuchel;Heu·chel
Hieron;Hie·ron
Hiëron;Hiëron
Hilfsquellen;Hilfs·quel·len
hinabgesandt;hin·ab·ge·sandt
hineingefunden;hin·ein·ge·fun·den
hineingestürzte;hin·ein·ge·stürz·te
Hinfälligeres;Hin·fäl·li·ge·res
hinweggenommen;hin·weg·ge·nom·men
hinwegheben;hin·weg·he·ben
Hirngespinnst;Hirn·ge·spinnst
Hochherzigkeit;Hoch·her·zig·keit
Hochmuth;Hoch·muth
hochmüthige;hoch·müt·hi·ge
hochmüthigen;hoch·müt·hi·gen
Höchstädt;Höch·städt
Hochzeitstage;Hoch·zeits·ta·ge
Hoflebens;Hof·le·bens
Hofleute;Hof·leu·te
Höfling;Höf·ling
Höflings;Höf·lings
Horatius;Ho·ra·ti·us
Horaz;Ho·raz
Hornwerkes;Horn·wer·kes
Horü;Horü
Hülfleistung;Hül·flei·stung
Hülfsgelder;Hülfs·gel·der
Hülfsmittel;Hülfs·mit·tel
Hülfsmitteln;Hülfs·mit·teln
Hülfsquellen;Hülfs·quel·len
Hume;Hu·me
Hundedemuth;Hun·de·de·muth
hypochondrische;hy·po·chon·dri·sche
Immunitäten;Im·mu·ni·tä·ten
imponirende;im·po·ni·ren·de
imponirt;im·po·nirt
Inconsequenz;In·con·se·quenz
indomitam;in·do·mitam
industria;in·du·stria
Industrieritter;In·du·strie·rit·ter
infiziren;in·fiz·i·ren
innehielt;in·ne·hielt
Innozens;In·no·zens
inspirirt;in·spirirt
Instructions;In·struc·tions
instrumentum;in·stru·men·tum
interessirten;in·ter·es·sir·ten
Intrigue;In·tri·gue
Intriguen;In·tri·guen
intriguirt;in·tri·guirt
Iokaste;Io·ka·ste
Irrthümer;Irrt·hü·mer
isolirte;iso·lir·te
italiänischen;ita·liä·ni·schen
Jagdliebhaber;Jagd·lieb·ha·ber
Jammerthal;Jam·mer·thal
jeune;jeu·ne
Jugendideal;Ju·gend·i·de·al
Jugendzeitalter;Ju·gend·zeit·al·ter
Juliano;Ju·lia·no
Kabinets;Ka·bi·nets
Kaiserl;Kai·serl
Kaiserthrons;Kai·ser·throns
Kaiserthum;Kai·ser·thum
Kamäleon;Ka·mä·le·on
Kapitäl;Ka·pi·täl
Karthagern;Kar·tha·gern
Käuze;Käu·ze
Keene;Kee·ne
Kettenschlüssen;Ket·ten·schlüs·sen
Kineas;Ki·ne·as
Kirchenglaubens;Kir·chen·glau·bens
Knechtssinn;Knechts·sinn
Kodrus;Ko·drus
Kommissären;Kom·mis·sä·ren
königl;kö·nigl
Königsmörders;Kö·nigs·mör·ders
Königthum;Kö·nig·t·hum
Königthums;Kö·nig·t·h·ums
Krankenhause;Kran·ken·hau·se
Krebsschaden;Krebs·scha·den
Kriegsfackel;Kriegs·fackel
Kriegsknechte;Kriegs·knech·te
Kriegstheater;Kriegs·thea·ter
kritisirte;kri·ti·sir·te
Kugler;Kug·ler
Kulturzustand;Kul·tur·zu·stand
Kurfürstenthum;Kur·für·sten·thum
Landestheile;Lan·dest·hei·le
Lasterhaftigkeit;La·ster·haf·tig·keit
Lastträger;Last·trä·ger
Laufgraben;Lauf·gra·ben
lebenskräftige;le·bens·kräf·ti·ge
ledendig;le·den·dig
Lehret;Leh·ret
Leibesbeschaffenheiten;Lei·bes·be·schaf·fen·hei·ten
Lepidus;Le·pi·dus
Lerntrieb;Lern·trieb
lesenswerthen;le·sens·wer·t·hen
licentiam;li·cen·ti·am
Liebeshändel;Lie·bes·hän·del
Lieblingssitz;Lieb·lings·sitz
liehe;lie·he
Ligario;Li·ga·rio
Lithauen;Lit·hau·en
Littleton;Litt·le·ton
lles;lles
Lostrennung;Los·tren·nung
Lothringens;Loth·rin·gens
Lothringern;Loth·rin·gern
Ltaunops;Ltau·n·ops
Lubomorski;Lub·o·mor·ski
Lucretius;Lu·cre·ti·us
Lüderliche;Lü·der·li·che
Lukretius;Lu·kre·ti·us
Lukrez;Lu·krez
Lüneville;Lü·ne·vil·le
Lybien;Ly·bi·en
Macaulay;Ma·cau·lay
Macchiavelli;Mac·chia·vel·li
Macedonien;Mace·do·ni·en
Macedonierkönigs;Mace·do·ni·er·kö·nigs
Macedoniern;Mace·do·ni·ern
Mäcenas;Mä·ce·nas
Machiavel;Ma·chia·vel
Machiavelismus;Ma·chia·ve·lis·mus
Machiavels;Ma·chia·vels
Macrinus;Ma·cri·nus
Magirus;Ma·gi·rus
Magni;Ma·gni
Mailändische;Mai·län·di·sche
Maine;Mai·ne
Maintenon;Main·te·non
Maitressen;Mai·t·res·sen
Manuscript;Ma·nu·script
Manuscripts;Ma·nu·scripts
Marktschreiers;Markt·schrei·ers
Marlborough;Marl·bo·rough
Marquisat;Mar·qui·sat
Marquss;Mar·quss
Marsche;Mar·sche
marschiren;mar·schi·ren
marschirt;mar·schirt
Marsin;Mar·sin
Märtyrerkrone;Mär·ty·rer·kro·ne
Masaniello;Ma·sa·ni·el·lo
Massillons;Mas·sil·lons
Maximinus;Ma·xi·mi·nus
Mazarin;Ma·za·rin
Meaux;Meaux
Mediens;Me·di·ens
Medor;Me·dor
meineidig;mein·ei·dig
Meineidigen;Mein·ei·di·gen
meistentheils;mei·stent·heils
Mémoires;Mé·moi·res
Menenius;Me·neni·us
Menschengeschlechtes;Men·schen·ge·schlech·tes
Menschenideal;Men·schen·ide·al
Meuchelmorde;Meu·chel·mor·de
Meuchelmörder;Meu·chel·mör·der
Mezeray;Me·zer·ay
Miethstruppen;Mieth·s·trup·pen
Minderjährigkeit;Min·der·jäh·rig·keit
miniature;mi·nia·tu·re
Miroir;Mi·roir
mitbeitragen;mit·bei·tra·gen
mitgetheilt;mit·get·heilt
mittelländische;mit·tel·län·di·sche
mittheilen;mitt·hei·len
mittheilt;mitt·heilt
mitzutheilen;mit·zu·t·hei·len
Mnscr;Mnscr
modifizirt;mo·di·fiz·irt
Molière;Mo·liè·re
Mommsen;Momm·sen
Mons;Mons
Montecuculi;Mon·te·cu·cu·li
Moralphilosophen;Mo·ral·phi·lo·so·phen
Mordthaten;Mord·tha·ten
Morgenroth;Mor·gen·roth
Morgenröthe;Mor·gen·rö·the
Moscowiter;Mos·co·wi·ter
Muhamed;Mu·ha·med
Muhamedaner;Mu·ha·me·da·ner
Mündigkeitserklärung;Mün·dig·keits·er·klä·rung
Musterbilder;Mu·ster·bil·der
Muthes;Mu·thes
muthwilligen;mu·th·wil·li·gen
Mylady;My·la·dy
Nationalgeistes;Na·tio·nal·gei·stes
Naturtriebe;Na·tur·trie·be
Neapolitanern;Nea·po·li·ta·nern
Nebenmenschen;Ne·ben·men·schen
Nepoten;Ne·po·ten
Newcastle;New·cast·le
niedergeworfen;nie·der·ge·wor·fen
niederzuwerfen;nie·der·zu·wer·fen
Nimes;Ni·mes
Nonnenklöster;Non·nen·k·lö·ster
Nordwinde;Nord·win·de
nöthiger;nö·thi·ger
nöthigsten;nö·thig·sten
nothwendigen;not·hwen·di·gen
nothwendiger;not·hwen·di·ger
Nothwendigkeiten;Not·hwen·dig·kei·ten
nourrir;nourr·ir
Nrtitel;Nr·ti·tel
Ocean;Oce·an
Oceans;Oce·ans
Oliverotto;Oli·verot·to
Olynthier;Olyn·thier
Onatelet;Ona·te·let
Opernprologe;Opern·pro·lo·ge
Opferer;Op·fe·rer
Orco;Or·co
ordinaria;or·di·na·ria
Originalmanuscript;Ori·gi·nal·ma·nu·script
Östreich;Östreich
Östreichs;Östreichs
ouvrages;ouvra·ges
pacia;pa·cia
pacis;pa·cis
Palastdame;Pa·last·da·me
Palatinate;Pa·la·ti·na·te
Palatinen;Pa·la·ti·nen
Palliativmittel;Pal·lia·tiv·mit·tel
Papste;Pap·ste
Paraguai;Pa·ra·guai
pariren;par·i·ren
Parteigeist;Par·tei·geist
Parthei;Par·thei
Partheien;Par·thei·en
Partheifragen;Par·theifra·gen
Partheistreich;Par·the·ist·reich
Partheiungen;Par·thei·un·gen
Parthern;Par·thern
Parthes;Par·thes
Parthie;Par·thie
passirt;pas·sirt
passirten;pas·sir·ten
pàtés;pàtés
Patinno;Pa·tin·no
Penaten;Pe·naten
Penn;Penn
Pergamus;Per·ga·mus
Pertinax;Per·ti·nax
Pescennius;Pe·scen·ni·us
Petarde;Pe·tar·de
Pfaffenregiment;Pfaf·fen·re·gi·ment
Phidias;Phidi·as
Philippiken;Phil·ip·pi·ken
Philippischen;Phil·ip·pi·schen
Philippos;Phil·ip·pos
Philistern;Phi·li·stern
Philopömen;Phi·lopö·men
Planetenhimmel;Pla·ne·ten·him·mel
Platää;Plat·ää
Platons;Pla·tons
Plautianus;Plau·tia·nus
Plutarch;Plut·arch
point;point
Polignac;Po·lignac
politique;po·li·tique
Pöllnitz;Pöll·nitz
Popilius;Po·pi·li·us
Porus;Po·rus
postgenitis;post·ge·ni·tis
pour;pour
Prachtliebe;Pracht·lie·be
Praga;Pra·ga
Prahler;Prah·ler
Präliminarien;Präli·mi·na·ri·en
Prärogativen;Präroga·ti·ven
präsentiren;prä·sen·ti·ren
prästabilirte;prä·sta·bi·lir·te
Prätendenten;Prä·ten·den·ten
Prätorianer;Prä·to·ria·ner
présent;pré·sent
Preuß;Preuß
Princes;Prin·ces
principini;prin·ci·pi·ni
Privatmannes;Pri·vat·man·nes
Privatstreitigkeiten;Pri·vat·strei·tig·kei·ten
Privatvortheile;Pri·vat·vort·hei·le
Privilegirt;Pri·vi·le·girt
privilegirten;pri·vi·le·gir·ten
Privilegium;Pri·vi·le·gi·um
priviligirte;pri·vi·li·gir·te
probirten;pro·bir·ten
Proceß;Pro·ceß
processiren;pro·ces·si·ren
profaniren;pro·fa·ni·ren
profitiren;pro·fi·ti·ren
projektirtes;pro·jek·tir·tes
Proscription;Pro·scrip·ti·on
Proscriptionen;Pro·scrip·tio·nen
Proselyten;Pro·se·ly·ten
prunkende;prun·ken·de
Prunksucht;Prunk·sucht
publicirt;pu·bli·cirt
publicirte;pu·bli·cir·te
Pufendorf;Pu·fen·dorf
Pultawa;Pul·ta·wa
pyrenäischen;py·renäi·schen
quaeret;qua·e·ret
Quersprüngen;Quer·sprün·gen
Querstriche;Quer·stri·che
Racine;Ra·ci·ne
radical;ra·di·cal
Radikalmittel;Ra·di·kal·mit·tel
Ramondon;Ra·mon·don
Ränken;Rän·ken
Räthen;Räthen
Rathgeber;Ra·th·ge·ber
Rathschlägen;Rath·schlä·gen
Räthsel;Räth·sel
Räthselwort;Räth·sel·wort
Räuberei;Räu·be·rei
Realisirung;Rea·li·si·rung
redigirte;re·di·gir·te
reformirenden;re·for·mi·ren·den
Reformirten;Re·for·mir·ten
refrenare;re·fren·a·re
Regentenpflicht;Re·gen·ten·pflicht
Regierungsleben;Re·gie·rungs·le·ben
Regierungsweise;Re·gie·rungs·wei·se
Reichsbehörden;Reichs·be·hör·den
Reichslehn;Reichs·lehn
Reichsoberhaupt;Reichs·ober·haupt
Reichsstaaten;Reichs·staa·ten
Reichsstädten;Reichs·städ·ten
Reichssystems;Reichs·sy·stems
Reichstheile;Reichst·hei·le
Religionsdingen;Re·li·gi·ons·din·gen
Religionssachen;Re·li·gi·ons·sa·chen
Religionsstreitigkeiten;Re·li·gi·ons·strei·tig·kei·ten
Repräsentirung;Re·prä·sen·ti·rung
Residenzlebens;Re·si·denz·le·bens
respectirt;re·spec·tirt
reui;reui
Reunions;Re·uni·ons
Revenuen;Re·ve·nu·en
revidiren;re·vi·diren
Rheinübergang;Rhein·über·gang
Richterstuhls;Rich·ter·stuhls
riethen;rie·then
Ritterthums;Rit·ter·th·ums
Romanlektüre;Ro·man·lek·tü·re
Romulus;Ro·mu·lus
Rosenstein;Ro·sen·stein
Roßbach;Roß·bach
rothe;ro·the
Rothwild;Ro·th·wild
ruchloser;ruch·lo·ser
Ruhmsucht;Ruhm·sucht
ruhmvolle;ruhm·vol·le
ruhmvollen;ruhm·vol·len
ruinirt;rui·nirt
ruinirten;rui·nir·ten
Sacramentsworte;Sa·cra·ments·wor·te
säet;sä·et
säete;sä·e·te
Saitenspiel;Sai·ten·spiel
sämmtlich;sämmt·lich
sämmtliche;sämmt·li·che
Sanftmuth;Sanft·muth
Sapere;Sa·pe·re
Sarmaten;Sar·ma·ten
Saturnus;Sa·tur·nus
Savoyarden;Sa·voyar·den
Savoyen;Sa·voy·en
schaarten;schaar·ten
schädlichste;schäd·lich·ste
Schandthaten;Schand·t·ha·ten
scharfblickende;scharf·blicken·de
Scharfsinnes;Scharf·sin·nes
Schattirung;Schat·ti·rung
schätzenswerth;schät·zens·werth
Schaumspritzen;Schaum·sprit·zen
sche;sche
schen;schen
Schiedsrichteramt;Schieds·rich·ter·amt
schiedsrichterliche;schieds·rich·ter·li·che
Schindangers;Schind·an·gers
Schlachtreihen;Schlacht·rei·hen
Schlaffheit;Schlaff·heit
Schmähschriften;Schmäh·schrif·ten
schmeichelhaftesten;schmei·chel·haf·te·sten
Schmeichelnamen;Schmei·chel·na·men
schmölze;schm·öl·ze
schöbe;schö·be
Schooße;Schoo·ße
Schopenhauer;Scho·pen·hau·er
Schriftwerk;Schrift·werk
Schriftwerken;Schrift·wer·ken
Schwange;Schwan·ge
Scipio;Sci·pio
scrupulös;scru·pu·lös
Scylla;Scyl·la
scythischen;scy·thi·schen
seciren;se·ci·ren
Seestaaten;See·staa·ten
Seetruppen;See·trup·pen
segenbringend;se·gen·brin·gend
Sejanus;Se·ja·nus
Sektenstifter;Sek·ten·stif·ter
Sekundaner;Se·kun·da·ner
selfgouvernement;self·gou·ver·ne·ment
Senegaglia;Se·ne·gaglia
Separatvertrag;Se·pa·rat·ver·trag
serviteur;ser·vi·teur
Severus;Se·ver·us
Siciliens;Si·ci·li·ens
Sicilischen;Si·ci·li·schen
Siegeskraft;Sie·ges·kraft
Sinigaglia;Si·ni·gaglia
Skapin;Ska·pin
Skultetus;Skul·te·tus
socialen;so·cia·len
soit;soit
Soldatendienste;Sol·da·ten·dien·ste
Sonderfriede;Son·der·frie·de
Sonderung;Son·de·rung
soupes;sou·pes
Speculation;Spe·cu·la·ti·on
spirituöse;spi·ri·tuö·se
Staatengeschichte;Staa·ten·ge·schich·te
Staatseinheit;Staats·ein·heit
Staatsideal;Staats·ide·al
Staatsinteresse;Staats·in·ter·es·se
staatskundigen;staats·kun·di·gen
Staatskünstlers;Staats·künst·lers
Staatsleben;Staats·le·ben
Staatslebens;Staats·le·bens
Staatsleitungen;Staats·lei·tun·gen
Staatsorganismus;Staats·or·ga·nis·mus
Staatsverhältnissen;Staats·ver·hält·nis·sen
staatswissenschaftlichen;staats·wis·sen·schaft·li·chen
Starosteien;Sta·ro·stei·en
statuis;sta·tuis
Steuermannes;Steu·er·man·nes
Straßburgs;Straß·burgs
Straßendieben;Stra·ßen·die·ben
studiren;stu·diren
studirt;stu·dirt
Stultetus;Stul·te·tus
subscribi;sub·scri·bi
Subsidiengelder;Sub·si·di·en·gel·der
Succession;Suc·ces·si·on
Suhm;Suhm
Sulla;Sul·la
Sulzbach;Sulz·bach
Sündfluth;Sünd·fluth
Syllogismen;Syl·lo·gis·men
Systemgeist;Sy·stem·geist
Systemwuth;Sy·stem·wuth
tadelnswertheres;ta·delns·wer·t·he·res
Tallard;Tall·ard
Tantalus;Tan·ta·lus
Tarquiniern;Tar·qui·ni·ern
Tarquinius;Tar·qui·ni·us
Tartarei;Tart·arei
Tartarin;Tar·ta·rin
tartes;tar·tes
Telemach;Te·le·mach
Testa;Testa
Teufelsfiguren;Teu·fels·fi·gu·ren
Thaler;Tha·ler
thätig;thä·tig
thätige;thä·ti·ge
thätiger;thä·ti·ger
Thätigkeit;Thä·tig·keit
Thatsachen;That·sa·chen
thatsächlich;that·säch·lich
thatsächlichen;that·säch·li·chen
Theiles;Thei·les
Theilnahme;Theil·nah·me
Theilnahmlosigkeit;Theil·nahm·lo·sig·keit
theilt;theilt
Theilung;Thei·lung
Thermopylen;Ther·mo·py·len
theuer;theu·er
theurer;theu·rer
Thier;Thier
Thieren;Thie·ren
Thomasius;Tho·ma·si·us
Thoren;Tho·ren
Thorheit;Thor·heit
Thorheiten;Thor·hei·ten
thörichter;thö·rich·ter
Thränen;Thrä·nen
Thürme;Thür·me
Tilly;Til·ly
Todesqual;To·des·qual
Todesstreich;To·des·streich
Todesurtheil;To·des·urt·heil
todtbringend;todtbrin·gend
tödten;töd·ten
tödtet;töd·tet
tödtliches;tödt·li·ches
todtschlagen;todt·schla·gen
todtzuschlagen;todtzu·schla·gen
tolldreisten;toll·drei·sten
Tollkopf;Toll·kopf
Tory;To·ry
Trajan;Tra·jan
Transsubstantiation;Trans·sub·stan·tia·ti·on
Transsubstantiationslehre;Trans·sub·stan·tia·ti·ons·leh·re
triumphiren;tri·um·phi·ren
triumphirenden;tri·um·phi·ren·den
triumphirt;tri·um·phirt
Triumvirate;Tri·um·vi·ra·te
Triumvirats;Tri·um·vi·rats
Truppenkörper;Trup·pen·kör·per
Turenne;Tu·ren·ne
tyrannisiren;ty·ran·ni·si·ren
Uaäaine;Ua·ä·ai·ne
überflutheten;über·flu·the·ten
überlegensten;über·le·gen·sten
überlegtere;über·leg·te·re
Übersehung;Über·se·hung
überträfe;über·trä·fe
überzufluthen;über·zu·flu·then
umherführte;um·her·führ·te
umherkriechen;um·her·krie·chen
umschlugen;um·schlu·gen
umstößt;um·stößt
unangebaut;un·an·ge·baut
unbesieglichen;un·be·sieg·li·chen
Unbesonnenheit;Un·be·son·nen·heit
Unbesonnenheiten;Un·be·son·nen·hei·ten
Unbilligkeit;Un·bil·lig·keit
Unerschwinglichkeit;Un·er·schwing·lich·keit
ungemessenen;un·ge·mes·se·nen
ungemildert;un·ge·mil·dert
Ungethüm;Un·get·hüm
Ungethüme;Un·get·hü·me
Ungraziöses;Un·g·ra·ziö·ses
Universalmonarchie;Uni·ver·sal·mon·ar·chie
Unliebenswürdigkeiten;Un·lie·bens·wür·dig·kei·ten
unpartheiisch;un·part·hei·isch
unpartheiischen;un·part·hei·ischen
Unpartheilichkeit;Un·part·hei·lich·keit
unsaubern;un·sau·bern
Unterbeamten;Un·ter·be·am·ten
Unterbeamter;Un·ter·be·am·ter
untergeschobenen;un·ter·ge·scho·be·nen
Unterscheidungsvermögen;Un·ter·schei·dungs·ver·mö·gen
unterwühlen;un·ter·wüh·len
unterwürfe;un·ter·wür·fe
Untherthanen;Un·ther·tha·nen
unverständig;un·ver·stän·dig
Unverwüstlichkeit;Un·ver·wüst·lich·keit
unverzagteste;un·ver·zag·te·ste
unvordenklichen;un·vor·denk·li·chen
unwerth;un·werth
Urbino;Ur·bi·no
Urbinos;Ur·bi·nos
urbium;ur·bi·um
Ursurpation;Ur·sur·pa·ti·on
Urtheilsvermögen;Urt·heils·ver·mö·gen
urtheilt;urt·heilt
Usurpationen;Usur·pa·tio·nen
Valentinois;Va·len·ti·nois
Valois;Va·lois
Vaudemont;Vau·de·mont
Venetianer;Ve·ne·tia·ner
Venetianische;Ve·ne·tia·ni·sche
verabscheuenswerth;ver·ab·scheu·ens·werth
Verabscheuenswerthe;Ver·ab·scheu·ens·wer·the
verabscheuenswerthen;ver·ab·scheu·ens·wer·t·hen
verabscheuenswerthes;ver·ab·scheu·ens·wer·thes
Verbildungen;Ver·bil·dun·gen
verdammenswerth;ver·dam·mens·werth
verdammenswerthe;ver·dam·mens·wer·the
Verdammungsurtheil;Ver·dam·mungs·urt·heil
Verderbniß;Ver·derb·niß
Verfluchungen;Ver·flu·chun·gen
vergiftetste;ver·gif·tet·ste
Vergrößerungstrieb;Ver·grö·ße·rungs·trieb
Verhältniß;Ver·hält·niß
verhältnißmäßig;ver·hält·niß·mä·ßig
verhältnißmäßige;ver·hält·niß·mä·ßi·ge
verhängnißvoll;ver·häng·niß·voll
verhängnißvolle;ver·häng·niß·vol·le
verhängnißvollen;ver·häng·niß·vol·len
verhängnißvolleres;ver·häng·niß·vol·le·res
verheirathen;ver·hei·ra·then
verheirathete;ver·hei·ra·the·te
Verkehrtheiten;Ver·kehrt·hei·ten
Verkündiger;Ver·kün·di·ger
Verproviantirung;Ver·pro·vi·an·ti·rung
verräth;ver·räth
Verrätherei;Ver·räthe·rei
Verrathereien;Ver·ra·the·rei·en
Verräthereien;Ver·räthe·rei·en
verrätherisch;ver·räthe·risch
Verräthern;Ver·räthern
Verschanzung;Ver·schan·zung
Verschanzungen;Ver·schan·zun·gen
verschlagenste;ver·schla·gen·ste
Verstellungskunst;Ver·stel·lungs·kunst
vertheidigenden;vert·hei·di·gen·den
vertheidigte;vert·hei·dig·te
Vertheidigungskriege;Vert·hei·di·gungs·krie·ge
vertheilenden;vert·hei·len·den
veruneinigen;ver·u·n·ei·ni·gen
verurtheilen;ver·urt·hei·len
Verurtheilung;Ver·urt·hei·lung
verworfensten;ver·wor·fen·sten
Verzichtleistung;Ver·zicht·lei·stung
Vespasian;Ves·pa·si·an
viertheilen;viert·hei·len
Villars;Vil·lars
Vitellozzo;Vi·tel·loz·zo
Volkselendes;Volks·e·len·des
Volkskraft;Volks·kraft
Volksleben;Volks·le·ben
Volkswohlstandes;Volks·wohl·stan·des
vollfüllen;voll·fül·len
vollkommner;voll·komm·ner
voraussieht;vor·aus·sieht
vorgiebt;vor·gi·ebt
Vorräthen;Vor·räthen
vortheilhafter;vort·heil·haf·ter
Vortheilhafteste;Vort·heil·haf·te·ste
Vorurtheile;Vor·urt·hei·le
Vorurtheilen;Vor·urt·hei·len
Vorurtheils;Vor·urt·heils
Vorurtheilslosigkeit;Vor·urt·heils·lo·sig·keit
vorzögen;vor·zö·gen
Wagehalsigkeit;Wa·ge·hal·sig·keit
Waghälse;Wag·häl·se
Wahlkapitulation;Wahl·ka·pi·tu·la·ti·on
Wahlkönigreich;Wahl·kö·nig·reich
Wahlkönigreichen;Wahl·kö·nig·rei·chen
Wahlthron;Wahl·thron
Wahrheitsforschung;Wahr·heits·for·schung
weibisch;wei·bisch
Weichlichkeit;Weich·lich·keit
weitens;wei·tens
Weltbegebenheiten;Welt·be·ge·ben·hei·ten
Weltbetrachtung;Welt·be·trach·tung
Wermuth;Wer·muth
Werthe;Wer·the
werthlos;werth·los
westphälischen;west·phä·li·schen
Wiederströmen;Wie·der·strö·men
Wiedervergeltung;Wie·der·ver·gel·tung
wiefern;wie·fern
Wighs;Wighs
Wilhelmi;Wil·hel·mi
Willensmeinung;Wil·lens·mei·nung
Willensrichtung;Wil·lens·rich·tung
Wissensdranges;Wis·sens·dran·ges
wohlbefunden;wohl·be·fun·den
wohlbeschaffen;wohl·be·schaf·fen
wohlbevölkertes;wohl·be·völ·ker·tes
wohldisciplinirtes;wohl·di·sci·pli·nir·tes
Wohlthaten;Wohl·tha·ten
Wohlthäter;Wohl·t·hä·ter
wohlthätig;wohl·t·hä·tig
Wohlthätigkeit;Wohl·t·hä·tig·keit
Wolff;Wolff
Wolffs;Wolffs
Wundärzten;Wund·ärz·ten
wünschenswerth;wün·schens·werth
wünschenswerthen;wün·schens·wer·t·hen
wünschenswerther;wün·schens·wer·t·her
Würtemberg;Wür·tem·berg
würtembergischen;wür·tem·ber·gi·schen
Würtembergischer;Wür·tem·ber·gi·scher
Wuthanfälle;Wut·han·fäl·le
wüthend;wü·t·hend
wüthende;wü·t·hen·de
wüthender;wü·t·hen·der
zartfühlend;zart·füh·lend
Zeitverhältnissen;Zeit·ver·hält·nis·sen
Zeugniß;Zeug·niß
Zugeständniß;Zu·ge·ständ·niß
zugiebt;zu·giebt
zurückbeziehen;zu·rück·be·zie·hen
zurückwenden;zu·rück·wen·den
zuzuertheilen;zu·zu·er·t·hei·len
zuzukommen;zu·zu·kom·men
